***************************
 LISFLOOD-FP version 5.99.0
***************************

 This is a modified version 5.9 including Basic Model Interface (BMI) compatibility

***************************

 The model needs therefore be executed accordingly!

***************************

Loading parameters... 
Using acceleration formulation for floodplain flow
Using acceleration formulation for floodplain flow
Reading parameters done.


Start Date: 9/8/2026 
Start Time: 17:10:41 


Loading DEM:	mahanadi.asc
1312x973
BL corner	(440847.597798,2130377.223441)
NODATA_value	-9999.000000
Done.

Loading channel information:	mahanadi.river
1 Channel Segment
377 points in channel segment 0
Xsec    0	w= 372.840 n=0.035 z=400.219
Xsec    0	QVAR from bdy file mahanadi_inflow
Xsec    1	w= 491.970 n=0.035 z=395.007
Xsec    2	w= 578.590 n=0.035 z=389.194
Xsec    3	w= 649.150 n=0.035 z=382.627
Xsec    4	w= 709.760 n=0.035 z=375.254
Xsec    5	w= 763.460 n=0.035 z=370.142
Xsec    6	w= 812.010 n=0.035 z=364.904
Xsec    7	w= 856.560 n=0.035 z=360.513
Xsec    8	w= 897.880 n=0.035 z=355.923
Xsec    9	w= 936.530 n=0.035 z=351.494
Xsec   10	w= 972.930 n=0.035 z=347.386
Xsec   11	w=1007.390 n=0.035 z=344.054
Xsec   12	w=1040.160 n=0.035 z=340.721
Xsec   13	w=1071.460 n=0.035 z=337.645
Xsec   14	w=1101.440 n=0.035 z=334.671
Xsec   15	w=1130.240 n=0.035 z=332.133
Xsec   16	w=1157.990 n=0.035 z=329.869
Xsec   17	w=1184.770 n=0.035 z=327.733
Xsec   18	w=1210.670 n=0.035 z=325.352
Xsec   19	w=1235.760 n=0.035 z=323.086
Xsec   20	w=1260.120 n=0.035 z=320.918
Xsec   21	w=1283.790 n=0.035 z=318.819
Xsec   22	w=1306.820 n=0.035 z=317.223
Xsec   23	w=1329.250 n=0.035 z=315.323
Xsec   24	w=1351.140 n=0.035 z=313.229
Xsec   25	w=1372.500 n=0.035 z=311.214
Xsec   26	w=1393.380 n=0.035 z=309.067
Xsec   27	w=1413.800 n=0.035 z=306.957
Xsec   28	w=1433.780 n=0.035 z=304.978
Xsec   29	w=1453.360 n=0.035 z=302.778
Xsec   30	w=1472.540 n=0.035 z=300.777
Xsec   31	w=1491.360 n=0.035 z=299.334
Xsec   32	w=1509.830 n=0.035 z=298.093
Xsec   33	w=1527.970 n=0.035 z=296.834
Xsec   34	w=1545.790 n=0.035 z=295.674
Xsec   35	w=1563.310 n=0.035 z=294.321
Xsec   36	w=1580.540 n=0.035 z=293.198
Xsec   37	w=1597.490 n=0.035 z=292.209
Xsec   38	w=1614.170 n=0.035 z=291.076
Xsec   39	w=1630.600 n=0.035 z=289.842
Xsec   40	w=1646.790 n=0.035 z=288.735
Xsec   41	w=1662.740 n=0.035 z=287.722
Xsec   42	w=1678.460 n=0.035 z=287.094
Xsec   43	w=1693.970 n=0.035 z=286.430
Xsec   44	w=1709.260 n=0.035 z=285.889
Xsec   45	w=1724.350 n=0.035 z=285.036
Xsec   46	w=1739.250 n=0.035 z=284.431
Xsec   47	w=1753.960 n=0.035 z=283.450
Xsec   48	w=1768.490 n=0.035 z=282.523
Xsec   49	w=1782.840 n=0.035 z=281.585
Xsec   50	w=1797.010 n=0.035 z=280.747
Xsec   51	w=1811.030 n=0.035 z=279.755
Xsec   52	w=1824.880 n=0.035 z=279.148
Xsec   53	w=1838.570 n=0.035 z=278.014
Xsec   54	w=1852.120 n=0.035 z=277.100
Xsec   55	w=1865.510 n=0.035 z=276.411
Xsec   56	w=1878.770 n=0.035 z=275.446
Xsec   57	w=1891.880 n=0.035 z=274.675
Xsec   58	w=1904.870 n=0.035 z=273.871
Xsec   59	w=1917.710 n=0.035 z=272.997
Xsec   60	w=1930.440 n=0.035 z=272.590
Xsec   61	w=1943.030 n=0.035 z=272.272
Xsec   62	w=1955.510 n=0.035 z=271.788
Xsec   63	w=1967.870 n=0.035 z=271.417
Xsec   64	w=1980.110 n=0.035 z=270.787
Xsec   65	w=1992.240 n=0.035 z=270.375
Xsec   66	w=2004.260 n=0.035 z=269.868
Xsec   67	w=2016.170 n=0.035 z=269.337
Xsec   68	w=2027.980 n=0.035 z=268.885
Xsec   69	w=2039.680 n=0.035 z=268.406
Xsec   70	w=2051.290 n=0.035 z=268.128
Xsec   71	w=2062.800 n=0.035 z=267.687
Xsec   72	w=2074.210 n=0.035 z=267.258
Xsec   73	w=2085.530 n=0.035 z=266.866
Xsec   74	w=2096.760 n=0.035 z=266.308
Xsec   75	w=2107.890 n=0.035 z=265.751
Xsec   76	w=2118.950 n=0.035 z=265.097
Xsec   77	w=2129.910 n=0.035 z=264.403
Xsec   78	w=2140.790 n=0.035 z=263.751
Xsec   79	w=2151.590 n=0.035 z=263.127
Xsec   80	w=2162.310 n=0.035 z=262.604
Xsec   81	w=2172.950 n=0.035 z=262.139
Xsec   82	w=2183.510 n=0.035 z=261.651
Xsec   83	w=2193.990 n=0.035 z=261.139
Xsec   84	w=2204.400 n=0.035 z=260.675
Xsec   85	w=2214.740 n=0.035 z=260.073
Xsec   86	w=2225.010 n=0.035 z=259.146
Xsec   87	w=2235.200 n=0.035 z=258.306
Xsec   88	w=2245.330 n=0.035 z=257.586
Xsec   89	w=2255.380 n=0.035 z=256.791
Xsec   90	w=2265.370 n=0.035 z=256.274
Xsec   91	w=2275.300 n=0.035 z=255.354
Xsec   92	w=2285.160 n=0.035 z=254.732
Xsec   93	w=2294.960 n=0.035 z=254.175
Xsec   94	w=2304.690 n=0.035 z=253.335
Xsec   95	w=2314.370 n=0.035 z=252.404
Xsec   96	w=2323.980 n=0.035 z=251.376
Xsec   97	w=2333.530 n=0.035 z=250.525
Xsec   98	w=2343.030 n=0.035 z=249.905
Xsec   99	w=2352.470 n=0.035 z=248.995
Xsec  100	w=2361.850 n=0.035 z=248.437
Xsec  101	w=2371.170 n=0.035 z=247.882
Xsec  102	w=2380.450 n=0.035 z=247.330
Xsec  103	w=2389.660 n=0.035 z=247.281
Xsec  104	w=2398.830 n=0.035 z=246.965
Xsec  105	w=2407.940 n=0.035 z=246.637
Xsec  106	w=2417.000 n=0.035 z=246.627
Xsec  107	w=2426.010 n=0.035 z=245.999
Xsec  108	w=2434.970 n=0.035 z=245.338
Xsec  109	w=2443.880 n=0.035 z=244.870
Xsec  110	w=2452.750 n=0.035 z=244.005
Xsec  111	w=2461.560 n=0.035 z=243.281
Xsec  112	w=2470.330 n=0.035 z=242.509
Xsec  113	w=2479.050 n=0.035 z=241.527
Xsec  114	w=2487.730 n=0.035 z=240.893
Xsec  115	w=2496.360 n=0.035 z=240.446
Xsec  116	w=2504.940 n=0.035 z=239.997
Xsec  117	w=2513.480 n=0.035 z=239.712
Xsec  118	w=2521.980 n=0.035 z=239.302
Xsec  119	w=2530.440 n=0.035 z=238.796
Xsec  120	w=2538.850 n=0.035 z=238.568
Xsec  121	w=2547.230 n=0.035 z=238.167
Xsec  122	w=2555.560 n=0.035 z=237.945
Xsec  123	w=2563.850 n=0.035 z=237.078
Xsec  124	w=2572.100 n=0.035 z=236.174
Xsec  125	w=2580.310 n=0.035 z=235.303
Xsec  126	w=2588.480 n=0.035 z=234.625
Xsec  127	w=2596.610 n=0.035 z=233.683
Xsec  128	w=2604.710 n=0.035 z=232.823
Xsec  129	w=2612.770 n=0.035 z=231.834
Xsec  130	w=2620.790 n=0.035 z=231.235
Xsec  131	w=2628.770 n=0.035 z=230.453
Xsec  132	w=2636.720 n=0.035 z=229.767
Xsec  133	w=2644.630 n=0.035 z=228.867
Xsec  134	w=2652.510 n=0.035 z=228.093
Xsec  135	w=2660.350 n=0.035 z=227.427
Xsec  136	w=2668.160 n=0.035 z=226.941
Xsec  137	w=2675.930 n=0.035 z=226.211
Xsec  138	w=2683.670 n=0.035 z=225.543
Xsec  139	w=2691.380 n=0.035 z=225.032
Xsec  140	w=2699.050 n=0.035 z=224.685
Xsec  141	w=2706.690 n=0.035 z=224.338
Xsec  142	w=2714.300 n=0.035 z=223.854
Xsec  143	w=2721.880 n=0.035 z=223.082
Xsec  144	w=2729.420 n=0.035 z=222.476
Xsec  145	w=2736.940 n=0.035 z=221.816
Xsec  146	w=2744.420 n=0.035 z=220.898
Xsec  147	w=2751.870 n=0.035 z=219.862
Xsec  148	w=2759.290 n=0.035 z=218.402
Xsec  149	w=2766.690 n=0.035 z=217.253
Xsec  150	w=2774.050 n=0.035 z=216.153
Xsec  151	w=2781.380 n=0.035 z=215.276
Xsec  152	w=2788.690 n=0.035 z=214.339
Xsec  153	w=2795.970 n=0.035 z=213.432
Xsec  154	w=2803.210 n=0.035 z=212.582
Xsec  155	w=2810.430 n=0.035 z=212.108
Xsec  156	w=2817.630 n=0.035 z=211.574
Xsec  157	w=2824.790 n=0.035 z=210.795
Xsec  158	w=2831.930 n=0.035 z=209.826
Xsec  159	w=2839.040 n=0.035 z=209.053
Xsec  160	w=2846.120 n=0.035 z=208.313
Xsec  161	w=2853.180 n=0.035 z=207.758
Xsec  162	w=2860.210 n=0.035 z=207.005
Xsec  163	w=2867.220 n=0.035 z=206.045
Xsec  164	w=2874.200 n=0.035 z=205.431
Xsec  165	w=2881.160 n=0.035 z=204.721
Xsec  166	w=2888.090 n=0.035 z=203.935
Xsec  167	w=2894.990 n=0.035 z=203.143
Xsec  168	w=2901.870 n=0.035 z=202.197
Xsec  169	w=2908.730 n=0.035 z=201.506
Xsec  170	w=2915.560 n=0.035 z=201.040
Xsec  171	w=2922.370 n=0.035 z=200.271
Xsec  172	w=2929.150 n=0.035 z=199.484
Xsec  173	w=2935.910 n=0.035 z=198.679
Xsec  174	w=2942.650 n=0.035 z=197.884
Xsec  175	w=2949.360 n=0.035 z=197.085
Xsec  176	w=2956.060 n=0.035 z=196.141
Xsec  177	w=2962.730 n=0.035 z=195.061
Xsec  178	w=2969.370 n=0.035 z=194.207
Xsec  179	w=2976.000 n=0.035 z=193.517
Xsec  180	w=2982.600 n=0.035 z=192.905
Xsec  181	w=2989.180 n=0.035 z=192.313
Xsec  182	w=2995.740 n=0.035 z=191.821
Xsec  183	w=3002.280 n=0.035 z=191.472
Xsec  184	w=3008.790 n=0.035 z=191.232
Xsec  185	w=3015.290 n=0.035 z=191.055
Xsec  186	w=3021.760 n=0.035 z=190.900
Xsec  187	w=3028.210 n=0.035 z=190.812
Xsec  188	w=3034.650 n=0.035 z=190.739
Xsec  189	w=3041.060 n=0.035 z=190.669
Xsec  190	w=3047.450 n=0.035 z=190.597
Xsec  191	w=3053.820 n=0.035 z=190.526
Xsec  192	w=3060.180 n=0.035 z=190.454
Xsec  193	w=3066.510 n=0.035 z=190.429
Xsec  194	w=3072.820 n=0.035 z=190.426
Xsec  195	w=3079.110 n=0.035 z=190.423
Xsec  196	w=3085.390 n=0.035 z=190.420
Xsec  197	w=3091.640 n=0.035 z=190.418
Xsec  198	w=3097.880 n=0.035 z=190.416
Xsec  199	w=3104.100 n=0.035 z=190.414
Xsec  200	w=3110.300 n=0.035 z=190.411
Xsec  201	w=3116.480 n=0.035 z=190.407
Xsec  202	w=3122.640 n=0.035 z=190.403
Xsec  203	w=3128.780 n=0.035 z=190.398
Xsec  204	w=3134.910 n=0.035 z=190.395
Xsec  205	w=3141.020 n=0.035 z=183.972
Xsec  206	w=3147.110 n=0.035 z=177.203
Xsec  207	w=3153.180 n=0.035 z=170.388
Xsec  208	w=3159.240 n=0.035 z=163.284
Xsec  209	w=3165.270 n=0.035 z=155.940
Xsec  210	w=3171.290 n=0.035 z=148.266
Xsec  211	w=3177.300 n=0.035 z=140.573
Xsec  212	w=3183.280 n=0.035 z=139.017
Xsec  213	w=3189.250 n=0.035 z=137.596
Xsec  214	w=3195.210 n=0.035 z=136.067
Xsec  215	w=3201.140 n=0.035 z=134.697
Xsec  216	w=3207.060 n=0.035 z=133.152
Xsec  217	w=3212.970 n=0.035 z=131.630
Xsec  218	w=3218.850 n=0.035 z=130.048
Xsec  219	w=3224.720 n=0.035 z=128.335
Xsec  220	w=3230.580 n=0.035 z=126.648
Xsec  221	w=3236.420 n=0.035 z=124.926
Xsec  222	w=3242.240 n=0.035 z=123.162
Xsec  223	w=3248.050 n=0.035 z=121.549
Xsec  224	w=3253.840 n=0.035 z=120.247
Xsec  225	w=3259.620 n=0.035 z=118.885
Xsec  226	w=3265.380 n=0.035 z=117.954
Xsec  227	w=3271.130 n=0.035 z=117.074
Xsec  228	w=3276.860 n=0.035 z=116.320
Xsec  229	w=3282.570 n=0.035 z=115.746
Xsec  230	w=3288.280 n=0.035 z=115.119
Xsec  231	w=3293.960 n=0.035 z=114.410
Xsec  232	w=3299.630 n=0.035 z=113.790
Xsec  233	w=3305.290 n=0.035 z=113.043
Xsec  234	w=3310.930 n=0.035 z=112.296
Xsec  235	w=3316.560 n=0.035 z=111.582
Xsec  236	w=3322.180 n=0.035 z=110.678
Xsec  237	w=3327.780 n=0.035 z=109.917
Xsec  238	w=3333.360 n=0.035 z=109.042
Xsec  239	w=3338.930 n=0.035 z=108.054
Xsec  240	w=3344.490 n=0.035 z=107.292
Xsec  241	w=3350.040 n=0.035 z=106.341
Xsec  242	w=3355.570 n=0.035 z=105.168
Xsec  243	w=3361.080 n=0.035 z=103.977
Xsec  244	w=3366.590 n=0.035 z=102.734
Xsec  245	w=3372.080 n=0.035 z=101.492
Xsec  246	w=3377.550 n=0.035 z=99.934
Xsec  247	w=3383.020 n=0.035 z=98.295
Xsec  248	w=3388.470 n=0.035 z=97.069
Xsec  249	w=3393.900 n=0.035 z=95.576
Xsec  250	w=3399.330 n=0.035 z=94.083
Xsec  251	w=3404.740 n=0.035 z=92.746
Xsec  252	w=3410.140 n=0.035 z=91.344
Xsec  253	w=3415.520 n=0.035 z=90.254
Xsec  254	w=3420.890 n=0.035 z=89.058
Xsec  255	w=3426.250 n=0.035 z=87.596
Xsec  256	w=3431.600 n=0.035 z=86.533
Xsec  257	w=3436.940 n=0.035 z=85.574
Xsec  258	w=3442.260 n=0.035 z=84.471
Xsec  259	w=3447.570 n=0.035 z=83.509
Xsec  260	w=3452.870 n=0.035 z=83.034
Xsec  261	w=3458.150 n=0.035 z=81.943
Xsec  262	w=3463.420 n=0.035 z=80.845
Xsec  263	w=3468.690 n=0.035 z=79.546
Xsec  264	w=3473.940 n=0.035 z=78.288
Xsec  265	w=3479.170 n=0.035 z=76.896
Xsec  266	w=3484.400 n=0.035 z=75.508
Xsec  267	w=3489.610 n=0.035 z=73.757
Xsec  268	w=3494.820 n=0.035 z=72.639
Xsec  269	w=3500.010 n=0.035 z=71.506
Xsec  270	w=3505.190 n=0.035 z=70.579
Xsec  271	w=3510.350 n=0.035 z=69.606
Xsec  272	w=3515.510 n=0.035 z=68.790
Xsec  273	w=3520.660 n=0.035 z=67.903
Xsec  274	w=3525.790 n=0.035 z=66.806
Xsec  275	w=3530.910 n=0.035 z=65.648
Xsec  276	w=3536.030 n=0.035 z=64.523
Xsec  277	w=3541.130 n=0.035 z=63.372
Xsec  278	w=3546.220 n=0.035 z=62.152
Xsec  279	w=3551.290 n=0.035 z=60.976
Xsec  280	w=3556.360 n=0.035 z=59.807
Xsec  281	w=3561.420 n=0.035 z=58.595
Xsec  282	w=3566.470 n=0.035 z=57.182
Xsec  283	w=3571.500 n=0.035 z=56.355
Xsec  284	w=3576.530 n=0.035 z=55.428
Xsec  285	w=3581.540 n=0.035 z=54.334
Xsec  286	w=3586.540 n=0.035 z=53.816
Xsec  287	w=3591.540 n=0.035 z=53.028
Xsec  288	w=3596.520 n=0.035 z=52.598
Xsec  289	w=3601.490 n=0.035 z=52.546
Xsec  290	w=3606.460 n=0.035 z=51.976
Xsec  291	w=3611.410 n=0.035 z=51.549
Xsec  292	w=3616.350 n=0.035 z=51.123
Xsec  293	w=3621.280 n=0.035 z=50.100
Xsec  294	w=3626.200 n=0.035 z=49.439
Xsec  295	w=3631.120 n=0.035 z=49.119
Xsec  296	w=3636.020 n=0.035 z=47.944
Xsec  297	w=3640.910 n=0.035 z=46.764
Xsec  298	w=3645.790 n=0.035 z=45.323
Xsec  299	w=3650.660 n=0.035 z=44.198
Xsec  300	w=3655.530 n=0.035 z=43.363
Xsec  301	w=3660.380 n=0.035 z=42.161
Xsec  302	w=3665.220 n=0.035 z=40.470
Xsec  303	w=3670.060 n=0.035 z=39.527
Xsec  304	w=3674.880 n=0.035 z=38.530
Xsec  305	w=3679.700 n=0.035 z=38.020
Xsec  306	w=3684.500 n=0.035 z=37.281
Xsec  307	w=3689.300 n=0.035 z=36.469
Xsec  308	w=3694.080 n=0.035 z=35.883
Xsec  309	w=3698.860 n=0.035 z=35.200
Xsec  310	w=3703.630 n=0.035 z=34.463
Xsec  311	w=3708.390 n=0.035 z=33.788
Xsec  312	w=3713.140 n=0.035 z=32.810
Xsec  313	w=3717.880 n=0.035 z=32.090
Xsec  314	w=3722.610 n=0.035 z=31.277
Xsec  315	w=3727.330 n=0.035 z=30.528
Xsec  316	w=3732.050 n=0.035 z=29.736
Xsec  317	w=3736.750 n=0.035 z=29.270
Xsec  318	w=3741.450 n=0.035 z=28.652
Xsec  319	w=3746.140 n=0.035 z=28.210
Xsec  320	w=3750.810 n=0.035 z=27.687
Xsec  321	w=3755.480 n=0.035 z=27.174
Xsec  322	w=3760.140 n=0.035 z=27.008
Xsec  323	w=3764.800 n=0.035 z=26.633
Xsec  324	w=3769.440 n=0.035 z=25.933
Xsec  325	w=3774.070 n=0.035 z=25.369
Xsec  326	w=3778.700 n=0.035 z=24.953
Xsec  327	w=3783.320 n=0.035 z=24.423
Xsec  328	w=3787.930 n=0.035 z=23.830
Xsec  329	w=3792.530 n=0.035 z=22.980
Xsec  330	w=3797.120 n=0.035 z=22.556
Xsec  331	w=3801.710 n=0.035 z=22.251
Xsec  332	w=3806.280 n=0.035 z=21.965
Xsec  333	w=3810.850 n=0.035 z=21.417
Xsec  334	w=3815.410 n=0.035 z=20.884
Xsec  335	w=3819.960 n=0.035 z=20.348
Xsec  336	w=3824.510 n=0.035 z=19.695
Xsec  337	w=3829.040 n=0.035 z=19.024
Xsec  338	w=3833.570 n=0.035 z=18.295
Xsec  339	w=3838.090 n=0.035 z=17.643
Xsec  340	w=3842.600 n=0.035 z=16.987
Xsec  341	w=3847.100 n=0.035 z=16.143
Xsec  342	w=3851.600 n=0.035 z=15.401
Xsec  343	w=3856.090 n=0.035 z=14.857
Xsec  344	w=3860.570 n=0.035 z=14.058
Xsec  345	w=3865.040 n=0.035 z=13.321
Xsec  346	w=3869.500 n=0.035 z=12.352
Xsec  347	w=3873.960 n=0.035 z=11.508
Xsec  348	w=3878.410 n=0.035 z=10.875
Xsec  349	w=3882.850 n=0.035 z=10.185
Xsec  350	w=3887.280 n=0.035 z= 9.867
Xsec  351	w=3891.710 n=0.035 z= 9.451
Xsec  352	w=3896.130 n=0.035 z= 9.153
Xsec  353	w=3900.540 n=0.035 z= 8.800
Xsec  354	w=3904.940 n=0.035 z= 8.369
Xsec  355	w=3909.340 n=0.035 z= 8.325
Xsec  356	w=3913.730 n=0.035 z= 8.134
Xsec  357	w=3918.110 n=0.035 z= 7.358
Xsec  358	w=3922.480 n=0.035 z= 6.893
Xsec  359	w=3926.850 n=0.035 z= 6.169
Xsec  360	w=3931.210 n=0.035 z= 5.682
Xsec  361	w=3935.560 n=0.035 z= 5.072
Xsec  362	w=3939.910 n=0.035 z= 4.133
Xsec  363	w=3944.250 n=0.035 z= 3.336
Xsec  364	w=3948.580 n=0.035 z= 2.878
Xsec  365	w=3952.900 n=0.035 z= 2.448
Xsec  366	w=3957.220 n=0.035 z= 2.164
Xsec  367	w=3961.530 n=0.035 z= 1.755
Xsec  368	w=3965.830 n=0.035 z= 1.493
Xsec  369	w=3970.120 n=0.035 z= 1.321
Xsec  370	w=3974.410 n=0.035 z= 1.233
Xsec  371	w=3978.690 n=0.035 z= 1.009
Xsec  372	w=3982.970 n=0.035 z= 0.791
Xsec  373	w=3987.240 n=0.035 z= 0.578
Xsec  374	w=3991.500 n=0.035 z= 0.519
Xsec  375	w=3995.750 n=0.035 z= 0.512
Xsec  376	w=4000.000 n=0.035 z= 0.500
Xsec  376	FREE using end slope
Channel data read for segment 0 - interpolating values.
Cell size independent channel chainage calculations are ON.
Done.

Smoothing bank cells with tolerance:	1.000000m	
Smoothing bank cells done.

Loading time varying boundary conditions:	mahanadi.bdy
bdy mahanadi_inflow read.
Done.

Porosity off
Weirs off

Starting time steps: acceleration mode

Finished.


Finish Date: 9/8/2026 
Finish Time: 20:19:20 


  Total computation time: 188.63 mins

